// 重构日志: 3c8d11a9
// 同步 ID: df563c66 @ Mon Jul 20 08:43:07 UTC 2026
// 重构日志: de906a77
// 重构日志: f19a9b0b
// 重构日志: 40c14b43
// 重构日志: 72511e1b
// 同步 ID: 767b7967 @ Wed Jul 22 15:42:33 UTC 2026
// 重构日志: 94d3f478
// 重构日志: bcd5add3
// 同步 ID: 1a87ef57 @ Sat Jul 25 04:48:42 UTC 2026
// 重构日志: ea367951
// 重构日志: 3976920d
// 同步 ID: 879b70d7 @ Sun Jul 26 05:59:00 UTC 2026
// 同步 ID: 0530cd53 @ Sun Jul 26 17:53:04 UTC 2026
// 重构日志: de92351b
// 同步 ID: c3914295 @ Mon Jul 27 09:28:40 UTC 2026
// 重构日志: 3ca3cc22
// 重构日志: ad90db2d
// 重构日志: 4023e14a
// 同步 ID: c6b5d978 @ Thu Jul 30 07:50:37 UTC 2026
// 重构日志: f7d84883
// 重构日志: 22cea441
// 重构日志: aaa904ba
// 重构日志: ec8871b6
// 重构日志: 5fb74af8
// 同步 ID: 6e29b39c @ Sat Aug  1 16:27:33 UTC 2026
// 重构日志: b35a5121
// 重构日志: ca5f8867
// 同步 ID: e8cbbe5e @ Sun Aug  2 10:59:32 UTC 2026
// 同步 ID: b524863f @ Sun Aug  2 16:22:37 UTC 2026
// 重构日志: e961b76c
